00:00 +0: loading C:/Users/medo2/Desktop/programming/medicinder/test/core/services/sync/conflict_resolver_test.dart
00:00 +0: C:/Users/medo2/Desktop/programming/medicinder/test/core/services/sync/conflict_resolver_test.dart: MedicationConflictResolver returns remote medication when remote update is newer
00:00 +1: C:/Users/medo2/Desktop/programming/medicinder/test/core/services/sync/conflict_resolver_test.dart: MedicationConflictResolver keeps local medication when local update is newer
00:00 +2: C:/Users/medo2/Desktop/programming/medicinder/test/core/services/sync/conflict_resolver_test.dart: MedicationConflictResolver merges dose statuses based on union of taken doses when structures are identical
00:00 +3: C:/Users/medo2/Desktop/programming/medicinder/test/core/services/sync/conflict_resolver_test.dart: MedicationConflictResolver returns winner without merging doses when dose counts differ
00:00 +4: C:/Users/medo2/Desktop/programming/medicinder/test/core/services/sync/conflict_resolver_test.dart: MedicationConflictResolver returns winner without merging doses when timing types differ
00:00 +5: C:/Users/medo2/Desktop/programming/medicinder/test/core/services/sync/conflict_resolver_test.dart: MedicationConflictResolver does not overwrite already-taken dose in winner with non-taken from loser
00:00 +6 -1: loading C:/Users/medo2/Desktop/programming/medicinder/test/core/services/sync/notification_sync_service_test.dart [E]
  Failed to load "C:/Users/medo2/Desktop/programming/medicinder/test/core/services/sync/notification_sync_service_test.dart":
  Compilation failed for testPath=C:/Users/medo2/Desktop/programming/medicinder/test/core/services/sync/notification_sync_service_test.dart: test/core/services/sync/notification_sync_service_test.dart:41:7: Error: The non-abstract class '_FakeNotificationOptimizer' is missing implementations for these members:
   - NotificationOptimizer.batchScheduleNotifications
   - NotificationOptimizer.cancelMedicationNotifications
   - NotificationOptimizer.clearAllNotifications
   - NotificationOptimizer.getCacheStats
   - NotificationOptimizer.getScheduledNotifications
   - NotificationOptimizer.scheduleNextDoseNotification
  Try to either
   - provide an implementation,
   - inherit an implementation from a superclass or mixin,
   - mark the class as abstract, or
   - provide a 'noSuchMethod' implementation.
  class _FakeNotificationOptimizer implements NotificationOptimizer {
        ^^^^^^^^^^^^^^^^^^^^^^^^^^
  lib/core/services/notification_optimizer.dart:225:16: Context: 'NotificationOptimizer.batchScheduleNotifications' is defined here.
    Future<void> batchScheduleNotifications(
                 ^^^^^^^^^^^^^^^^^^^^^^^^^^
  lib/core/services/notification_optimizer.dart:58:15: Context: 'NotificationOptimizer.cancelMedicationNotifications' is defined here.
    Future<int> cancelMedicationNotifications(String medicationId) async {
                ^^^^^^^^^^^^^^^^^^^^^^^^^^^^^
  lib/core/services/notification_optimizer.dart:245:16: Context: 'NotificationOptimizer.clearAllNotifications' is defined here.
    Future<void> clearAllNotifications() async {
                 ^^^^^^^^^^^^^^^^^^^^^
  lib/core/services/notification_optimizer.dart:257:24: Context: 'NotificationOptimizer.getCacheStats' is defined here.
    Map<String, dynamic> getCacheStats() {
                         ^^^^^^^^^^^^^
  lib/core/services/notification_optimizer.dart:22:35: Context: 'NotificationOptimizer.getScheduledNotifications' is defined here.
    Future<List<NotificationModel>> getScheduledNotifications() async {
                                    ^^^^^^^^^^^^^^^^^^^^^^^^^
  lib/core/services/notification_optimizer.dart:90:16: Context: 'NotificationOptimizer.scheduleNextDoseNotification' is defined here.
    Future<void> scheduleNextDoseNotification(
                 ^^^^^^^^^^^^^^^^^^^^^^^^^^^^
  .
00:00 +6 -1: C:/Users/medo2/Desktop/programming/medicinder/test/core/services/sync/connectivity_signal_service_test.dart: ConnectivitySignalService emits on onReconnect when connectivity is restored
00:00 +7 -1: C:/Users/medo2/Desktop/programming/medicinder/test/core/services/sync/connectivity_signal_service_test.dart: ConnectivitySignalService emits multiple times for multiple connectivity restore events
00:00 +8 -1: C:/Users/medo2/Desktop/programming/medicinder/test/core/services/sync/connectivity_signal_service_test.dart: ConnectivitySignalService does not emit on onReconnect when connectivity is none
00:00 +9 -1: C:/Users/medo2/Desktop/programming/medicinder/test/core/services/sync/connectivity_signal_service_test.dart: ConnectivitySignalService emits when at least one result is non-none in a multi-result list
00:00 +10 -1: C:/Users/medo2/Desktop/programming/medicinder/test/core/services/sync/connectivity_signal_service_test.dart: ConnectivitySignalService does not emit after dispose
00:00 +11 -1: C:/Users/medo2/Desktop/programming/medicinder/test/core/services/sync/connectivity_signal_service_test.dart: ConnectivitySignalService onReconnect stream is broadcast and supports multiple listeners
00:01 +12 -1: C:/Users/medo2/Desktop/programming/medicinder/test/core/services/sync/sync_diagnostics_test.dart: SyncDiagnostics logs sync events without medication payloads
00:01 +13 -1: C:/Users/medo2/Desktop/programming/medicinder/test/core/services/sync/sync_diagnostics_test.dart: SyncDiagnostics getProfile returns null when no syncState is provided
00:01 +14 -1: C:/Users/medo2/Desktop/programming/medicinder/test/core/services/sync/sync_diagnostics_test.dart: SyncDiagnostics getProfile delegates to syncState and returns the stored profile
00:01 +15 -1: C:/Users/medo2/Desktop/programming/medicinder/test/core/services/sync/sync_diagnostics_test.dart: SyncDiagnostics getProfile returns null when syncState has no profile for userId
00:01 +16 -1: C:/Users/medo2/Desktop/programming/medicinder/test/core/services/sync/sync_diagnostics_test.dart: SyncDiagnostics logSyncEvent with all optional parameters does not throw
00:01 +17 -1: C:/Users/medo2/Desktop/programming/medicinder/test/core/services/sync/sync_service_test.dart: SyncService processes queued create operations and marks medication as synced
00:01 +18 -1: C:/Users/medo2/Desktop/programming/medicinder/test/core/services/sync/sync_service_test.dart: SyncService keeps queued operations when remote sync is disabled
00:01 +19 -1: C:/Users/medo2/Desktop/programming/medicinder/test/core/services/sync/sync_service_test.dart: SyncService Triggers and Guards syncNow(appStartup) starts a sync cycle
00:01 +20 -1: C:/Users/medo2/Desktop/programming/medicinder/test/core/services/sync/sync_service_test.dart: SyncService Triggers and Guards handleConnectivityRestored() triggers syncNow(connectivityRestored)
00:01 +21 -1: C:/Users/medo2/Desktop/programming/medicinder/test/core/services/sync/sync_service_test.dart: SyncService Triggers and Guards rejects overlapping cycles for the same user
00:02 +22 -1: C:/Users/medo2/Desktop/programming/medicinder/test/data/datasources/sync_queue_local_data_source_test.dart: SyncQueueLocalDataSource getEffectivePendingChanges returns pending changes when they exist
00:02 +23 -1: C:/Users/medo2/Desktop/programming/medicinder/test/data/datasources/sync_queue_local_data_source_test.dart: SyncQueueLocalDataSource getEffectivePendingChanges returns empty list when no pending changes and no legacy operations
00:02 +24 -1: C:/Users/medo2/Desktop/programming/medicinder/test/data/datasources/sync_queue_local_data_source_test.dart: SyncQueueLocalDataSource getEffectivePendingChanges falls back to legacy operations when no pending changes exist
00:02 +25 -1: C:/Users/medo2/Desktop/programming/medicinder/test/data/datasources/sync_queue_local_data_source_test.dart: SyncQueueLocalDataSource getEffectivePendingChanges legacy fallback maps delete operation correctly
00:02 +26 -1: C:/Users/medo2/Desktop/programming/medicinder/test/data/datasources/sync_queue_local_data_source_test.dart: SyncQueueLocalDataSource getEffectivePendingChanges legacy fallback maps create operation correctly
00:02 +27 -1: C:/Users/medo2/Desktop/programming/medicinder/test/data/datasources/sync_queue_local_data_source_test.dart: SyncQueueLocalDataSource getEffectivePendingChanges prefers pending changes over legacy operations when both exist
00:02 +28 -1: C:/Users/medo2/Desktop/programming/medicinder/test/data/datasources/sync_queue_local_data_source_test.dart: SyncQueueLocalDataSource enqueuePendingChange and listPendingChanges enqueued changes are listed
00:02 +29 -1: C:/Users/medo2/Desktop/programming/medicinder/test/data/datasources/sync_queue_local_data_source_test.dart: SyncQueueLocalDataSource enqueuePendingChange and listPendingChanges listPendingChanges filters by userId
00:02 +30 -1: C:/Users/medo2/Desktop/programming/medicinder/test/data/datasources/sync_queue_local_data_source_test.dart: SyncQueueLocalDataSource markPendingChangeSucceeded removes the change from the queue
00:02 +31 -1: C:/Users/medo2/Desktop/programming/medicinder/test/data/datasources/sync_queue_local_data_source_test.dart: SyncQueueLocalDataSource markPendingChangeFailed updates status to failed and increments attempt count
00:02 +31 -2: C:/Users/medo2/Desktop/programming/medicinder/test/data/datasources/sync_queue_local_data_source_test.dart: SyncQueueLocalDataSource markPendingChangeFailed updates status to failed and increments attempt count [E]
  Expected: SyncOperationStatus:<SyncOperationStatus.failed>
    Actual: SyncOperationStatus:<SyncOperationStatus.pending>
  
  package:matcher                                                     expect
  package:flutter_test/src/widget_tester.dart 473:18                  expect
  test\data\datasources\sync_queue_local_data_source_test.dart 341:9  main.<fn>.<fn>.<fn>
  
00:02 +31 -2: C:/Users/medo2/Desktop/programming/medicinder/test/data/datasources/sync_queue_local_data_source_test.dart: SyncQueueLocalDataSource markPendingChangeFailed does nothing when changeId does not exist
00:02 +32 -2: C:/Users/medo2/Desktop/programming/medicinder/test/data/datasources/sync_state_local_data_source_test.dart: SyncStateLocalDataSource getStatus returns signedOut when no profiles exist
00:02 +33 -2: C:/Users/medo2/Desktop/programming/medicinder/test/data/datasources/sync_state_local_data_source_test.dart: SyncStateLocalDataSource getStatus returns signedOut when no profiles exist for given userId
00:02 +34 -2: C:/Users/medo2/Desktop/programming/medicinder/test/data/datasources/sync_state_local_data_source_test.dart: SyncStateLocalDataSource getStatus returns profile status when profile exists for userId
00:02 +35 -2: C:/Users/medo2/Desktop/programming/medicinder/test/data/datasources/sync_state_local_data_source_test.dart: SyncStateLocalDataSource getStatus returns first profile status when no userId given
00:02 +36 -2: C:/Users/medo2/Desktop/programming/medicinder/test/data/datasources/sync_state_local_data_source_test.dart: SyncStateLocalDataSource saveProfile and getProfile saves and retrieves a profile by userId
00:02 +37 -2: C:/Users/medo2/Desktop/programming/medicinder/test/data/datasources/sync_state_local_data_source_test.dart: SyncStateLocalDataSource saveProfile and getProfile returns null when no profile exists for userId
00:02 +38 -2: C:/Users/medo2/Desktop/programming/medicinder/test/data/datasources/sync_state_local_data_source_test.dart: SyncStateLocalDataSource saveProfile and getProfile overwrites existing profile with same userId
00:02 +39 -2: C:/Users/medo2/Desktop/programming/medicinder/test/data/datasources/sync_state_local_data_source_test.dart: SyncStateLocalDataSource setStatus does nothing when no profiles exist
00:02 +40 -2: C:/Users/medo2/Desktop/programming/medicinder/test/data/datasources/sync_state_local_data_source_test.dart: SyncStateLocalDataSource setStatus updates status for the first profile found
00:02 +41 -2: C:/Users/medo2/Desktop/programming/medicinder/test/data/datasources/sync_state_local_data_source_test.dart: SyncStateLocalDataSource saveConflict and getConflictsForEntity saves and retrieves conflicts by entityId
00:02 +42 -2: C:/Users/medo2/Desktop/programming/medicinder/test/data/datasources/sync_state_local_data_source_test.dart: SyncStateLocalDataSource saveConflict and getConflictsForEntity returns empty list when no conflicts for entityId
00:02 +43 -2: C:/Users/medo2/Desktop/programming/medicinder/test/data/datasources/sync_state_local_data_source_test.dart: SyncStateLocalDataSource saveConflict and getConflictsForEntity filters by userId when provided
00:02 +44 -2: C:/Users/medo2/Desktop/programming/medicinder/test/data/datasources/sync_state_local_data_source_test.dart: SyncStateLocalDataSource saveConflict and getConflictsForEntity returns all conflicts for entity when userId is null
00:02 +45 -2: C:/Users/medo2/Desktop/programming/medicinder/test/data/datasources/sync_state_local_data_source_test.dart: SyncStateLocalDataSource saveConflict and getConflictsForEntity uses userId-scoped key so multiple conflicts can coexist
00:02 +46 -2: C:/Users/medo2/Desktop/programming/medicinder/test/data/datasources/sync_state_local_data_source_test.dart: SyncStateLocalDataSource saveCycle and getLatestCycle saves and retrieves the latest cycle for a user
00:02 +47 -2: C:/Users/medo2/Desktop/programming/medicinder/test/data/datasources/sync_state_local_data_source_test.dart: SyncStateLocalDataSource saveCycle and getLatestCycle returns null when no cycles exist for user
00:02 +48 -2: C:/Users/medo2/Desktop/programming/medicinder/test/data/datasources/sync_state_local_data_source_test.dart: SyncStateLocalDataSource saveCycle and getLatestCycle returns most recent cycle when multiple cycles exist
00:02 +49 -2: C:/Users/medo2/Desktop/programming/medicinder/test/data/datasources/sync_state_local_data_source_test.dart: SyncStateLocalDataSource saveCycle and getLatestCycle does not return cycles from a different user
00:02 +50 -2: C:/Users/medo2/Desktop/programming/medicinder/test/data/datasources/sync_state_local_data_source_test.dart: SyncStateLocalDataSource saveCycle and getLatestCycle overwrites cycle with same cycleId
00:02 +51 -2: C:/Users/medo2/Desktop/programming/medicinder/test/data/models/sync/conflict_metadata_model_test.dart: ConflictMetadataModel fromEntity maps all fields including userId
00:02 +52 -2: C:/Users/medo2/Desktop/programming/medicinder/test/data/models/sync/conflict_metadata_model_test.dart: ConflictMetadataModel fromEntity correctly maps local winning source
00:02 +53 -2: C:/Users/medo2/Desktop/programming/medicinder/test/data/models/sync/conflict_metadata_model_test.dart: ConflictMetadataModel toEntity converts all fields back correctly
00:02 +54 -2: C:/Users/medo2/Desktop/programming/medicinder/test/data/models/sync/conflict_metadata_model_test.dart: ConflictMetadataModel roundtrip fromEntity then toEntity preserves all fields
00:02 +55 -2: C:/Users/medo2/Desktop/programming/medicinder/test/data/models/sync/sync_cycle_state_model_test.dart: SyncCycleStateModel fromEntity maps all fields correctly
00:02 +56 -2: C:/Users/medo2/Desktop/programming/medicinder/test/data/models/sync/sync_cycle_state_model_test.dart: SyncCycleStateModel fromEntity maps optional completedAt as null
00:02 +57 -2: C:/Users/medo2/Desktop/programming/medicinder/test/data/models/sync/sync_cycle_state_model_test.dart: SyncCycleStateModel toEntity converts all fields back correctly
00:02 +58 -2: C:/Users/medo2/Desktop/programming/medicinder/test/data/models/sync/sync_cycle_state_model_test.dart: SyncCycleStateModel toEntity falls back to appStartup for unknown trigger name
00:02 +59 -2: C:/Users/medo2/Desktop/programming/medicinder/test/data/models/sync/sync_cycle_state_model_test.dart: SyncCycleStateModel toEntity falls back to idle for unknown status name
00:02 +60 -2: C:/Users/medo2/Desktop/programming/medicinder/test/data/models/sync/sync_cycle_state_model_test.dart: SyncCycleStateModel toEntity handles null completedAt
00:02 +61 -2: C:/Users/medo2/Desktop/programming/medicinder/test/data/models/sync/sync_cycle_state_model_test.dart: SyncCycleStateModel roundtrip fromEntity then toEntity preserves all fields
00:02 +62 -2: C:/Users/medo2/Desktop/programming/medicinder/test/data/models/sync/sync_cycle_state_model_test.dart: SyncCycleStateModel default constants defaultStatusName is idle
00:02 +63 -2: C:/Users/medo2/Desktop/programming/medicinder/test/data/models/sync/sync_cycle_state_model_test.dart: SyncCycleStateModel default constants defaultTriggerName is appStartup
00:02 +64 -2: C:/Users/medo2/Desktop/programming/medicinder/test/data/models/sync/user_sync_profile_model_test.dart: UserSyncProfileModel fromEntity maps all core fields correctly
00:02 +65 -2: C:/Users/medo2/Desktop/programming/medicinder/test/data/models/sync/user_sync_profile_model_test.dart: UserSyncProfileModel fromEntity maps null lastTrigger as null index
00:02 +66 -2: C:/Users/medo2/Desktop/programming/medicinder/test/data/models/sync/user_sync_profile_model_test.dart: UserSyncProfileModel fromEntity maps optional datetime fields
00:02 +67 -2: C:/Users/medo2/Desktop/programming/medicinder/test/data/models/sync/user_sync_profile_model_test.dart: UserSyncProfileModel fromEntity maps null optional fields as null
00:02 +68 -2: C:/Users/medo2/Desktop/programming/medicinder/test/data/models/sync/user_sync_profile_model_test.dart: UserSyncProfileModel toEntity converts all fields back correctly
00:02 +69 -2: C:/Users/medo2/Desktop/programming/medicinder/test/data/models/sync/user_sync_profile_model_test.dart: UserSyncProfileModel toEntity handles null lastTriggerIndex as null lastTrigger
00:02 +70 -2: C:/Users/medo2/Desktop/programming/medicinder/test/data/models/sync/user_sync_profile_model_test.dart: UserSyncProfileModel toEntity out-of-range statusViewStateIndex falls back to first value
00:02 +71 -2: C:/Users/medo2/Desktop/programming/medicinder/test/data/models/sync/user_sync_profile_model_test.dart: UserSyncProfileModel toEntity out-of-range engineStatusIndex falls back to idle
00:02 +72 -2: C:/Users/medo2/Desktop/programming/medicinder/test/data/models/sync/user_sync_profile_model_test.dart: UserSyncProfileModel toEntity out-of-range lastTriggerIndex falls back to null
00:02 +73 -2: C:/Users/medo2/Desktop/programming/medicinder/test/data/models/sync/user_sync_profile_model_test.dart: UserSyncProfileModel toEntity negative statusViewStateIndex falls back to first value
00:02 +74 -2: C:/Users/medo2/Desktop/programming/medicinder/test/data/models/sync/user_sync_profile_model_test.dart: UserSyncProfileModel roundtrip fromEntity then toEntity preserves all fields
00:02 +75 -2: C:/Users/medo2/Desktop/programming/medicinder/test/domain/entities/sync/auth_session_test.dart: AuthSession signedOut constructor has correct defaults
00:02 +76 -2: C:/Users/medo2/Desktop/programming/medicinder/test/domain/entities/sync/auth_session_test.dart: AuthSession signingIn constructor has correct defaults without providerId
00:02 +77 -2: C:/Users/medo2/Desktop/programming/medicinder/test/domain/entities/sync/auth_session_test.dart: AuthSession signingIn constructor stores providerId when given
00:02 +78 -2: C:/Users/medo2/Desktop/programming/medicinder/test/domain/entities/sync/auth_session_test.dart: AuthSession signedIn constructor sets isSignedIn true and workspaceReady false
00:02 +79 -2: C:/Users/medo2/Desktop/programming/medicinder/test/domain/entities/sync/auth_session_test.dart: AuthSession signedIn constructor stores providerId when given
00:03 +80 -2: C:/Users/medo2/Desktop/programming/medicinder/test/domain/entities/sync/auth_session_test.dart: AuthSession workspaceInitializing constructor has isSignedIn true and workspaceReady false
00:03 +81 -2: C:/Users/medo2/Desktop/programming/medicinder/test/domain/entities/sync/auth_session_test.dart: AuthSession ready constructor has isSignedIn true and workspaceReady true
00:03 +82 -2: C:/Users/medo2/Desktop/programming/medicinder/test/domain/entities/sync/auth_session_test.dart: AuthSession ready constructor stores providerId when given
00:03 +83 -2: C:/Users/medo2/Desktop/programming/medicinder/test/domain/entities/sync/auth_session_test.dart: AuthSession accessDenied constructor has isSignedIn true and workspaceReady false
00:03 +84 -2: C:/Users/medo2/Desktop/programming/medicinder/test/domain/entities/sync/auth_session_test.dart: AuthSession accessDenied constructor works without optional failure fields
00:03 +85 -2: C:/Users/medo2/Desktop/programming/medicinder/test/domain/entities/sync/auth_session_test.dart: AuthSession failed constructor without userId: isSignedIn is false
00:03 +86 -2: C:/Users/medo2/Desktop/programming/medicinder/test/domain/entities/sync/auth_session_test.dart: AuthSession failed constructor with userId: isSignedIn is true
00:03 +87 -2: C:/Users/medo2/Desktop/programming/medicinder/test/domain/entities/sync/auth_session_test.dart: AuthSession equality two identical signedOut sessions are equal
00:03 +88 -2: C:/Users/medo2/Desktop/programming/medicinder/test/domain/entities/sync/auth_session_test.dart: AuthSession equality two ready sessions with same userId are equal
00:03 +89 -2: C:/Users/medo2/Desktop/programming/medicinder/test/domain/entities/sync/auth_session_test.dart: AuthSession equality ready and signedOut sessions are not equal
00:03 +90 -2: C:/Users/medo2/Desktop/programming/medicinder/test/domain/entities/sync/auth_session_test.dart: AuthSession equality sessions with different userIds are not equal
00:03 +91 -2: C:/Users/medo2/Desktop/programming/medicinder/test/domain/entities/sync/auth_session_test.dart: AuthSession equality sessions with different failureCodes are not equal
00:03 +92 -2: C:/Users/medo2/Desktop/programming/medicinder/test/domain/entities/sync/auth_session_test.dart: AuthSession equality accessDenied with different providerId is not equal
00:03 +93 -2: C:/Users/medo2/Desktop/programming/medicinder/test/domain/entities/sync/auth_session_test.dart: AuthSession hashCode equal sessions produce same hashCode
00:03 +94 -2: C:/Users/medo2/Desktop/programming/medicinder/test/domain/entities/sync/auth_session_test.dart: AuthSession hashCode different sessions produce different hashCodes
00:03 +95 -2: C:/Users/medo2/Desktop/programming/medicinder/test/domain/entities/sync/auth_session_test.dart: AuthSession AuthSessionStatus enum all expected values exist
00:03 +96 -2: C:/Users/medo2/Desktop/programming/medicinder/test/domain/entities/sync/sync_cycle_state_test.dart: SyncCycleState has correct defaults
00:03 +97 -2: C:/Users/medo2/Desktop/programming/medicinder/test/domain/entities/sync/sync_cycle_state_test.dart: SyncCycleState copyWith preserves all fields when no overrides given
00:03 +98 -2: C:/Users/medo2/Desktop/programming/medicinder/test/domain/entities/sync/sync_cycle_state_test.dart: SyncCycleState copyWith overrides individual fields
00:03 +99 -2: C:/Users/medo2/Desktop/programming/medicinder/test/domain/entities/sync/sync_cycle_state_test.dart: SyncCycleState copyWith overrides userId and trigger independently
00:03 +100 -2: C:/Users/medo2/Desktop/programming/medicinder/test/domain/entities/sync/sync_cycle_state_test.dart: SyncCycleState Equatable props two states with same fields are equal
00:03 +101 -2: C:/Users/medo2/Desktop/programming/medicinder/test/domain/entities/sync/sync_cycle_state_test.dart: SyncCycleState Equatable props states with different cycleId are not equal
00:03 +102 -2: C:/Users/medo2/Desktop/programming/medicinder/test/domain/entities/sync/sync_cycle_state_test.dart: SyncCycleState Equatable props states with different status are not equal
00:03 +103 -2: C:/Users/medo2/Desktop/programming/medicinder/test/domain/entities/sync/sync_cycle_state_test.dart: SyncCycleState Equatable props states with different failureClass are not equal
00:03 +104 -2: C:/Users/medo2/Desktop/programming/medicinder/test/domain/entities/sync/sync_cycle_state_test.dart: SyncCycleState SyncCycleStatus enum all expected values exist
00:03 +105 -2: C:/Users/medo2/Desktop/programming/medicinder/test/domain/usecases/sync/auth_session_usecases_test.dart: AuthRepositoryImpl returns signed out session by default
00:03 +106 -2: C:/Users/medo2/Desktop/programming/medicinder/test/domain/usecases/sync/auth_session_usecases_test.dart: AuthRepositoryImpl signs in through remote data source
00:03 +107 -2: C:/Users/medo2/Desktop/programming/medicinder/test/domain/usecases/sync/auth_session_usecases_test.dart: DisabledAuthRemoteDataSource getCurrentSession returns signedOut
00:03 +108 -2: C:/Users/medo2/Desktop/programming/medicinder/test/domain/usecases/sync/auth_session_usecases_test.dart: DisabledAuthRemoteDataSource signInForSync returns failed with CLOUD_SYNC_DISABLED code
00:03 +109 -2: C:/Users/medo2/Desktop/programming/medicinder/test/domain/usecases/sync/auth_session_usecases_test.dart: DisabledAuthRemoteDataSource watchSession emits signedOut
00:03 +110 -2: C:/Users/medo2/Desktop/programming/medicinder/test/domain/usecases/sync/auth_session_usecases_test.dart: DisabledAuthRemoteDataSource signOut completes without error
00:04 +111 -2: C:/Users/medo2/Desktop/programming/medicinder/test/presentation/cubit/sync/sync_status_cubit_test.dart: SyncStatusCubit initializes as signed out when no session exists
00:04 +112 -2: C:/Users/medo2/Desktop/programming/medicinder/test/presentation/cubit/sync/sync_status_cubit_test.dart: SyncStatusCubit moves to ready after sign in and sync success
00:04 +113 -2: C:/Users/medo2/Desktop/programming/medicinder/test/presentation/cubit/sync/sync_status_cubit_test.dart: SyncStatusCubit moves to syncFailed when retry fails
00:04 +114 -2: C:/Users/medo2/Desktop/programming/medicinder/test/presentation/cubit/sync/sync_status_cubit_test.dart: SyncStatusCubit returns to signedOut after sign out
00:04 +115 -2: C:/Users/medo2/Desktop/programming/medicinder/test/presentation/cubit/sync/sync_status_cubit_test.dart: SyncStatusCubit surfaces access denied state from auth session
00:04 +116 -2: C:/Users/medo2/Desktop/programming/medicinder/test/presentation/cubit/sync/sync_status_cubit_test.dart: SyncStatusCubit Startup and Reconnect Triggers initialize() with a signed-in session triggers startup sync
00:04 +117 -2: C:/Users/medo2/Desktop/programming/medicinder/test/presentation/cubit/sync/sync_status_cubit_test.dart: SyncStatusCubit Startup and Reconnect Triggers triggers sync when connectivity is restored
00:05 +118 -2: C:/Users/medo2/Desktop/programming/medicinder/test/widget/sync_accessibility_test.dart: exposes sync status semantics label
00:06 +119 -2: C:/Users/medo2/Desktop/programming/medicinder/test/widget/sync_action_test.dart: tapping retry button in banner triggers cubit retry
00:06 +120 -2: C:/Users/medo2/Desktop/programming/medicinder/test/widget/sync_status_banner_test.dart: renders signed out sync status
00:06 +121 -2: C:/Users/medo2/Desktop/programming/medicinder/test/widget/sync_summary_card_test.dart: renders sync summary with last success timestamp
00:06 +122 -2: C:/Users/medo2/Desktop/programming/medicinder/test/widget/sync_summary_card_test.dart: renders sync summary with last success timestamp
00:06 +123 -2: C:/Users/medo2/Desktop/programming/medicinder/test/widget/sync_summary_card_test.dart: renders sync summary with last success timestamp
00:06 +124 -2: Some tests failed.
